\BOOKMARK [0][-]{chapter.1}{\376\377\000N\000o\000t\000a\000z\000i\000o\000n\000i\000\040\000e\000\040\000c\000o\000n\000v\000e\000n\000z\000i\000o\000n\000i}{}% 1
\BOOKMARK [1][-]{section.1.1}{\376\377\000S\000p\000a\000z\000i\000o\000\040\000e\000\040\000v\000e\000t\000t\000o\000r\000i}{chapter.1}% 2
\BOOKMARK [2][-]{subsection.1.1.1}{\376\377\000L\000o\000\040\000s\000p\000a\000z\000i\000o\000\040\000e\000u\000c\000l\000i\000d\000e\000o\000\040\000e\000\040\000l\000o\000\040\000s\000p\000a\000z\000i\000o\000\040\000d\000e\000l\000l\000e\000\040\000t\000r\000a\000s\000l\000a\000z\000i\000o\000n\000i}{section.1.1}% 3
\BOOKMARK [2][-]{subsection.1.1.2}{\376\377\000V\000e\000t\000t\000o\000r\000i\000\040\000g\000e\000o\000m\000e\000t\000r\000i\000c\000i\000\040\000e\000\040\000v\000e\000t\000t\000o\000r\000i\000\040\000n\000u\000m\000e\000r\000i\000c\000i}{section.1.1}% 4
\BOOKMARK [2][-]{subsection.1.1.3}{\376\377\000A\000p\000p\000l\000i\000c\000a\000z\000i\000o\000n\000i\000\040\000l\000i\000n\000e\000a\000r\000i\000\040\000e\000\040\000m\000a\000t\000r\000i\000c\000i\000\040\000r\000a\000p\000p\000r\000e\000s\000e\000n\000t\000a\000t\000i\000v\000e}{section.1.1}% 5
\BOOKMARK [1][-]{section.1.2}{\376\377\000S\000u\000i\000\040\000s\000i\000m\000b\000o\000l\000i\000\040\000e\000\040\000l\000e\000\040\000n\000o\000t\000a\000z\000i\000o\000n\000i}{chapter.1}% 6
\BOOKMARK [2][-]{subsection.1.2.1}{\376\377\000I\000l\000\040\000s\000i\000m\000b\000o\000l\000o\000\040\000d\000i\000\040\000e\000g\000u\000a\000g\000l\000i\000a\000n\000z\000a}{section.1.2}% 7
\BOOKMARK [2][-]{subsection.1.2.2}{\376\377\000C\000o\000s\000t\000a\000n\000t\000i\000,\000\040\000p\000a\000r\000a\000m\000e\000t\000r\000i\000\040\000e\000\040\000v\000a\000r\000i\000a\000b\000i\000l\000i}{section.1.2}% 8
\BOOKMARK [2][-]{subsection.1.2.3}{\376\377\000S\000a\000l\000t\000o\000\040\000e\000\040\000i\000n\000c\000r\000e\000m\000e\000n\000t\000o}{section.1.2}% 9
\BOOKMARK [2][-]{subsection.1.2.4}{\376\377\000C\000o\000s\000t\000a\000n\000t\000e\000\040\000e\000\040\000u\000n\000i\000f\000o\000r\000m\000e}{section.1.2}% 10
\BOOKMARK [0][-]{chapter.2}{\376\377\000V\000e\000t\000t\000o\000r\000i\000\040\000g\000e\000o\000m\000e\000t\000r\000i\000c\000i\000:\000\040\000l\000i\000b\000e\000r\000i\000,\000\040\000a\000p\000p\000l\000i\000c\000a\000t\000i\000,\000\040\000p\000o\000l\000a\000r\000i\000\040\000e\000\040\000a\000s\000s\000i\000a\000l\000i}{}% 11
\BOOKMARK [1][-]{section.2.1}{\376\377\000V\000e\000t\000t\000o\000r\000i\000\040\000l\000i\000b\000e\000r\000i\000\040\000e\000\040\000a\000l\000g\000e\000b\000r\000a\000\040\000v\000e\000t\000t\000o\000r\000i\000a\000l\000e}{chapter.2}% 12
\BOOKMARK [2][-]{subsection.2.1.1}{\376\377\000S\000o\000m\000m\000a\000\040\000e\000\040\000p\000r\000o\000d\000o\000t\000t\000o\000\040\000p\000e\000r\000\040\000u\000n\000o\000\040\000s\000c\000a\000l\000a\000r\000e}{section.2.1}% 13
\BOOKMARK [2][-]{subsection.2.1.2}{\376\377\000P\000r\000o\000d\000o\000t\000t\000o\000\040\000s\000c\000a\000l\000a\000r\000e}{section.2.1}% 14
\BOOKMARK [2][-]{subsection.2.1.3}{\376\377\000P\000r\000o\000d\000o\000t\000t\000o\000\040\000v\000e\000t\000t\000o\000r\000i\000a\000l\000e}{section.2.1}% 15
\BOOKMARK [2][-]{subsection.2.1.4}{\376\377\000D\000o\000p\000p\000i\000o\000\040\000p\000r\000o\000d\000o\000t\000t\000o\000\040\000v\000e\000t\000t\000o\000r\000i\000a\000l\000e}{section.2.1}% 16
\BOOKMARK [2][-]{subsection.2.1.5}{\376\377\000P\000r\000o\000d\000o\000t\000t\000o\000\040\000m\000i\000s\000t\000o}{section.2.1}% 17
\BOOKMARK [2][-]{subsection.2.1.6}{\376\377\000P\000r\000o\000d\000o\000t\000t\000o\000\040\000t\000e\000n\000s\000o\000r\000i\000a\000l\000e}{section.2.1}% 18
\BOOKMARK [1][-]{section.2.2}{\376\377\000V\000e\000t\000t\000o\000r\000i\000\040\000a\000p\000p\000l\000i\000c\000a\000t\000i}{chapter.2}% 19
\BOOKMARK [2][-]{subsection.2.2.1}{\376\377\000M\000o\000m\000e\000n\000t\000o\000\040\000p\000o\000l\000a\000r\000e}{section.2.2}% 20
\BOOKMARK [2][-]{subsection.2.2.2}{\376\377\000L\000e\000g\000g\000e\000\040\000d\000i\000\040\000v\000a\000r\000i\000a\000z\000i\000o\000n\000e\000\040\000d\000e\000l\000\040\000m\000o\000m\000e\000n\000t\000o\000\040\000a\000l\000\040\000v\000a\000r\000i\000a\000r\000e\000\040\000d\000e\000l\000\040\000p\000o\000l\000o}{section.2.2}% 21
\BOOKMARK [2][-]{subsection.2.2.3}{\376\377\000M\000o\000m\000e\000n\000t\000o\000\040\000a\000s\000s\000i\000a\000l\000e}{section.2.2}% 22
\BOOKMARK [1][-]{section.2.3}{\376\377\000V\000e\000t\000t\000o\000r\000i\000\040\000p\000o\000l\000a\000r\000i\000\040\000e\000\040\000v\000e\000t\000t\000o\000r\000i\000\040\000a\000s\000s\000i\000a\000l\000i}{chapter.2}% 23
\BOOKMARK [2][-]{subsection.2.3.1}{\376\377\000C\000o\000m\000p\000o\000r\000t\000a\000m\000e\000n\000t\000o\000\040\000s\000o\000t\000t\000o\000\040\000r\000i\000f\000l\000e\000s\000s\000i\000o\000n\000e}{section.2.3}% 24
\BOOKMARK [2][-]{subsection.2.3.2}{\376\377\000R\000e\000g\000o\000l\000e\000\040\000d\000i\000\040\000c\000o\000m\000p\000o\000s\000i\000z\000i\000o\000n\000e}{section.2.3}% 25
\BOOKMARK [2][-]{subsection.2.3.3}{\376\377\000R\000a\000p\000p\000r\000e\000s\000e\000n\000t\000a\000z\000i\000o\000n\000e\000\040\000g\000r\000a\000f\000i\000c\000a}{section.2.3}% 26
\BOOKMARK [1][-]{section.2.4}{\376\377\000I\000l\000\040\000c\000a\000s\000o\000\040\000p\000i\000a\000n\000o}{chapter.2}% 27
\BOOKMARK [1][-]{section.2.5}{\376\377\000E\000s\000e\000r\000c\000i\000z\000i\000\040\000p\000r\000o\000p\000o\000s\000t\000i}{chapter.2}% 28
\BOOKMARK [0][-]{chapter.3}{\376\377\000A\000p\000p\000l\000i\000c\000a\000z\000i\000o\000n\000i\000\040\000l\000i\000n\000e\000a\000r\000i\000\040\000e\000\040\000d\000u\000a\000l\000i\000t\000\340}{}% 29
\BOOKMARK [1][-]{section.3.1}{\376\377\000A\000p\000p\000l\000i\000c\000a\000z\000i\000o\000n\000i\000\040\000f\000r\000a\000\040\000i\000n\000s\000i\000e\000m\000i}{chapter.3}% 30
\BOOKMARK [2][-]{subsection.3.1.1}{\376\377\000D\000e\000f\000i\000n\000i\000z\000i\000o\000n\000i\000\040\000f\000o\000n\000d\000a\000m\000e\000n\000t\000a\000l\000i}{section.3.1}% 31
\BOOKMARK [2][-]{subsection.3.1.2}{\376\377\000I\000n\000i\000e\000t\000t\000i\000v\000i\000t\000\340\000,\000\040\000s\000u\000r\000i\000e\000t\000t\000i\000v\000i\000t\000\340\000,\000\040\000b\000i\000e\000t\000t\000i\000v\000i\000t\000\340}{section.3.1}% 32
\BOOKMARK [2][-]{subsection.3.1.3}{\376\377\000I\000l\000\040\000p\000r\000o\000b\000l\000e\000m\000a\000\040\000i\000n\000v\000e\000r\000s\000o}{section.3.1}% 33
\BOOKMARK [1][-]{section.3.2}{\376\377\000A\000p\000p\000l\000i\000c\000a\000z\000i\000o\000n\000i\000\040\000l\000i\000n\000e\000a\000r\000i}{chapter.3}% 34
\BOOKMARK [2][-]{subsection.3.2.1}{\376\377\000D\000e\000f\000i\000n\000i\000z\000i\000o\000n\000e}{section.3.2}% 35
\BOOKMARK [2][-]{subsection.3.2.2}{\376\377\000N\000u\000c\000l\000e\000o\000,\000\040\000i\000m\000m\000a\000g\000i\000n\000e\000,\000\040\000r\000a\000n\000g\000o\000\040\000e\000\040\000n\000u\000l\000l\000i\000t\000\340}{section.3.2}% 36
\BOOKMARK [2][-]{subsection.3.2.3}{\376\377\000T\000e\000o\000r\000e\000m\000a\000\040\000d\000i\000\040\000n\000u\000l\000l\000i\000t\000\340\000\040\000p\000i\000\371\000\040\000r\000a\000n\000g\000o}{section.3.2}% 37
\BOOKMARK [1][-]{section.3.3}{\376\377\000O\000p\000e\000r\000a\000t\000o\000r\000e\000\040\000a\000g\000g\000i\000u\000n\000t\000o\000\040\000e\000\040\000s\000o\000t\000t\000o\000s\000p\000a\000z\000i\000\040\000f\000o\000n\000d\000a\000m\000e\000n\000t\000a\000l\000i}{chapter.3}% 38
\BOOKMARK [2][-]{subsection.3.3.1}{\376\377\000O\000p\000e\000r\000a\000t\000o\000r\000e\000\040\000a\000g\000g\000i\000u\000n\000t\000o}{section.3.3}% 39
\BOOKMARK [2][-]{subsection.3.3.2}{\376\377\000R\000e\000l\000a\000z\000i\000o\000n\000i\000\040\000d\000i\000\040\000o\000r\000t\000o\000g\000o\000n\000a\000l\000i\000t\000\340}{section.3.3}% 40
\BOOKMARK [1][-]{section.3.4}{\376\377\000R\000i\000l\000e\000t\000t\000u\000r\000a\000\040\000d\000e\000l\000l\000a\000\040\000c\000l\000a\000s\000s\000i\000f\000i\000c\000a\000z\000i\000o\000n\000e\000\040\000d\000e\000i\000\040\000s\000i\000s\000t\000e\000m\000i\000\040\000l\000i\000n\000e\000a\000r\000i}{chapter.3}% 41
\BOOKMARK [1][-]{section.3.5}{\376\377\000I\000l\000\040\000p\000r\000o\000b\000l\000e\000m\000a\000\040\000d\000u\000a\000l\000e}{chapter.3}% 42
\BOOKMARK [2][-]{subsection.3.5.1}{\376\377\000F\000o\000r\000m\000u\000l\000a\000z\000i\000o\000n\000e}{section.3.5}% 43
\BOOKMARK [2][-]{subsection.3.5.2}{\376\377\000I\000n\000t\000e\000r\000p\000r\000e\000t\000a\000z\000i\000o\000n\000e\000\040\000m\000e\000d\000i\000a\000n\000t\000e\000\040\000c\000o\000m\000b\000i\000n\000a\000z\000i\000o\000n\000i\000\040\000l\000i\000n\000e\000a\000r\000i}{section.3.5}% 44
\BOOKMARK [2][-]{subsection.3.5.3}{\376\377\000R\000a\000p\000p\000r\000e\000s\000e\000n\000t\000a\000z\000i\000o\000n\000e\000\040\000s\000c\000h\000e\000m\000a\000t\000i\000c\000a\000\040\000d\000e\000l\000l\000a\000\040\000d\000u\000a\000l\000i\000t\000\340}{section.3.5}% 45
\BOOKMARK [1][-]{section.3.6}{\376\377\000I\000d\000e\000n\000t\000i\000t\000\340\000\040\000b\000i\000l\000i\000n\000e\000a\000r\000e}{chapter.3}% 46
\BOOKMARK [2][-]{subsection.3.6.1}{\376\377\000D\000e\000r\000i\000v\000a\000z\000i\000o\000n\000e}{section.3.6}% 47
\BOOKMARK [2][-]{subsection.3.6.2}{\376\377\000S\000i\000g\000n\000i\000f\000i\000c\000a\000t\000o\000\040\000f\000i\000s\000i\000c\000o}{section.3.6}% 48
\BOOKMARK [1][-]{section.3.7}{\376\377\000R\000i\000s\000o\000l\000v\000i\000b\000i\000l\000i\000t\000\340\000\040\000e\000\040\000s\000o\000t\000t\000o\000s\000p\000a\000z\000i\000\040\000f\000o\000n\000d\000a\000m\000e\000n\000t\000a\000l\000i}{chapter.3}% 49
\BOOKMARK [2][-]{subsection.3.7.1}{\376\377\000S\000i\000g\000n\000i\000f\000i\000c\000a\000t\000o\000\040\000f\000i\000s\000i\000c\000o\000\040\000d\000e\000i\000\040\000q\000u\000a\000t\000t\000r\000o\000\040\000s\000o\000t\000t\000o\000s\000p\000a\000z\000i}{section.3.7}% 50
\BOOKMARK [2][-]{subsection.3.7.2}{\376\377\000C\000l\000a\000s\000s\000i\000f\000i\000c\000a\000z\000i\000o\000n\000e\000\040\000d\000e\000i\000\040\000p\000r\000o\000b\000l\000e\000m\000i\000\040\000p\000r\000i\000m\000a\000l\000e\000\040\000e\000\040\000d\000u\000a\000l\000e}{section.3.7}% 51
\BOOKMARK [1][-]{section.3.8}{\376\377\000S\000t\000r\000u\000t\000t\000u\000r\000a\000\040\000d\000e\000l\000l\000a\000\040\000s\000o\000l\000u\000z\000i\000o\000n\000e\000\040\000d\000e\000i\000\040\000p\000r\000o\000b\000l\000e\000m\000i\000\040\000p\000r\000i\000m\000a\000l\000e\000\040\000e\000\040\000d\000u\000a\000l\000e}{chapter.3}% 52
\BOOKMARK [2][-]{subsection.3.8.1}{\376\377\000S\000i\000s\000t\000e\000m\000a\000\040\000i\000s\000o\000d\000e\000t\000e\000r\000m\000i\000n\000a\000t\000o\000\040\000\050\000r\000\040\000=\000\040\000m\000\040\000=\000\040\000n\000\051}{section.3.8}% 53
\BOOKMARK [2][-]{subsection.3.8.2}{\376\377\000S\000i\000s\000t\000e\000m\000a\000\040\000s\000o\000t\000t\000o\000d\000e\000t\000e\000r\000m\000i\000n\000a\000t\000o\000\040\000\050\000r\000\040\000=\000\040\000m\000\040\000<\000\040\000n\000\051}{section.3.8}% 54
\BOOKMARK [2][-]{subsection.3.8.3}{\376\377\000S\000i\000s\000t\000e\000m\000a\000\040\000s\000o\000v\000r\000a\000d\000e\000t\000e\000r\000m\000i\000n\000a\000t\000o\000\040\000\050\000r\000\040\000=\000\040\000n\000\040\000<\000\040\000m\000\051}{section.3.8}% 55
\BOOKMARK [2][-]{subsection.3.8.4}{\376\377\000S\000i\000s\000t\000e\000m\000a\000\040\000d\000e\000g\000e\000n\000e\000r\000e\000\040\000\050\000r\000\040\000<\000\040\000\050\000m\000,\000n\000\051\000\051}{section.3.8}% 56
\BOOKMARK [1][-]{section.3.9}{\376\377\000E\000s\000e\000m\000p\000i\000\040\000n\000u\000m\000e\000r\000i\000c\000i\000:\000\040\000p\000r\000i\000m\000a\000l\000e\000\040\000e\000\040\000d\000u\000a\000l\000e\000\040\000a\000\040\000c\000o\000n\000f\000r\000o\000n\000t\000o}{chapter.3}% 57
\BOOKMARK [2][-]{subsection.3.9.1}{\376\377\000S\000i\000s\000t\000e\000m\000a\000\040\000i\000s\000o\000d\000e\000t\000e\000r\000m\000i\000n\000a\000t\000o\000\040\000\050\000m\000=\000n\000=\000r\000=\0002\000\051}{section.3.9}% 58
\BOOKMARK [2][-]{subsection.3.9.2}{\376\377\000S\000i\000s\000t\000e\000m\000a\000\040\000s\000o\000t\000t\000o\000d\000e\000t\000e\000r\000m\000i\000n\000a\000t\000o\000\040\000\050\000m\000=\000r\000=\0001\000,\000\040\000n\000=\0002\000\051}{section.3.9}% 59
\BOOKMARK [2][-]{subsection.3.9.3}{\376\377\000S\000i\000s\000t\000e\000m\000a\000\040\000s\000o\000v\000r\000a\000d\000e\000t\000e\000r\000m\000i\000n\000a\000t\000o\000\040\000\050\000m\000=\0003\000,\000\040\000n\000=\000r\000=\0002\000\051}{section.3.9}% 60
\BOOKMARK [2][-]{subsection.3.9.4}{\376\377\000S\000i\000s\000t\000e\000m\000a\000\040\000d\000e\000g\000e\000n\000e\000r\000e\000\040\000\050\000m\000=\000n\000=\0003\000,\000\040\000r\000=\0002\000\051}{section.3.9}% 61
\BOOKMARK [1][-]{section.3.10}{\376\377\000E\000s\000e\000r\000c\000i\000z\000i\000\040\000p\000r\000o\000p\000o\000s\000t\000i}{chapter.3}% 62
\BOOKMARK [0][-]{chapter.4}{\376\377\000A\000l\000g\000e\000b\000r\000a\000\040\000d\000e\000l\000l\000e\000\040\000m\000a\000t\000r\000i\000c\000i\000\040\000e\000\040\000s\000i\000s\000t\000e\000m\000i\000\040\000d\000i\000\040\000e\000q\000u\000a\000z\000i\000o\000n\000i\000\040\000l\000i\000n\000e\000a\000r\000i}{}% 63
\BOOKMARK [1][-]{section.4.1}{\376\377\000R\000i\000c\000h\000i\000a\000m\000i\000\040\000s\000u\000\040\000v\000e\000t\000t\000o\000r\000i\000\040\000n\000u\000m\000e\000r\000i\000c\000i\000\040\000e\000\040\000m\000a\000t\000r\000i\000c\000i}{chapter.4}% 64
\BOOKMARK [2][-]{subsection.4.1.1}{\376\377\000V\000e\000t\000t\000o\000r\000i\000\040\000n\000u\000m\000e\000r\000i\000c\000i}{section.4.1}% 65
\BOOKMARK [2][-]{subsection.4.1.2}{\376\377\000M\000a\000t\000r\000i\000c\000i}{section.4.1}% 66
\BOOKMARK [2][-]{subsection.4.1.3}{\376\377\000O\000p\000e\000r\000a\000z\000i\000o\000n\000i\000\040\000f\000r\000a\000\040\000m\000a\000t\000r\000i\000c\000i}{section.4.1}% 67
\BOOKMARK [2][-]{subsection.4.1.4}{\376\377\000M\000a\000t\000r\000i\000c\000i\000\040\000q\000u\000a\000d\000r\000a\000t\000e}{section.4.1}% 68
\BOOKMARK [1][-]{section.4.2}{\376\377\000S\000i\000s\000t\000e\000m\000i\000\040\000d\000i\000\040\000e\000q\000u\000a\000z\000i\000o\000n\000i\000\040\000l\000i\000n\000e\000a\000r\000i\000\040\000a\000l\000g\000e\000b\000r\000i\000c\000h\000e}{chapter.4}% 69
\BOOKMARK [2][-]{subsection.4.2.1}{\376\377\000F\000o\000r\000m\000u\000l\000a\000z\000i\000o\000n\000e\000\040\000d\000e\000l\000\040\000p\000r\000o\000b\000l\000e\000m\000a}{section.4.2}% 70
\BOOKMARK [2][-]{subsection.4.2.2}{\376\377\000T\000e\000o\000r\000e\000m\000a\000\040\000d\000i\000\040\000R\000o\000u\000c\000h\000\351\000-\000C\000a\000p\000e\000l\000l\000i\000\040\000e\000\040\000s\000t\000r\000u\000t\000t\000u\000r\000a\000\040\000d\000e\000l\000l\000a\000\040\000s\000o\000l\000u\000z\000i\000o\000n\000e}{section.4.2}% 71
\BOOKMARK [2][-]{subsection.4.2.3}{\376\377\000S\000i\000s\000t\000e\000m\000i\000\040\000i\000s\000o\000d\000e\000t\000e\000r\000m\000i\000n\000a\000t\000i}{section.4.2}% 72
\BOOKMARK [2][-]{subsection.4.2.4}{\376\377\000S\000i\000s\000t\000e\000m\000i\000\040\000s\000o\000t\000t\000o\000d\000e\000t\000e\000r\000m\000i\000n\000a\000t\000i}{section.4.2}% 73
\BOOKMARK [2][-]{subsection.4.2.5}{\376\377\000S\000i\000s\000t\000e\000m\000i\000\040\000s\000o\000v\000r\000a\000d\000e\000t\000e\000r\000m\000i\000n\000a\000t\000i}{section.4.2}% 74
\BOOKMARK [2][-]{subsection.4.2.6}{\376\377\000S\000i\000s\000t\000e\000m\000i\000\040\000d\000e\000g\000e\000n\000e\000r\000i}{section.4.2}% 75
\BOOKMARK [2][-]{subsection.4.2.7}{\376\377\000R\000i\000e\000p\000i\000l\000o\000g\000o\000\040\000d\000e\000l\000l\000a\000\040\000c\000l\000a\000s\000s\000i\000f\000i\000c\000a\000z\000i\000o\000n\000e}{section.4.2}% 76
\BOOKMARK [1][-]{section.4.3}{\376\377\000E\000s\000e\000m\000p\000i\000\040\000n\000u\000m\000e\000r\000i\000c\000i}{chapter.4}% 77
\BOOKMARK [2][-]{subsection.4.3.1}{\376\377\000S\000i\000s\000t\000e\000m\000a\000\040\000i\000s\000o\000d\000e\000t\000e\000r\000m\000i\000n\000a\000t\000o\000\040\000\050\000m\000=\000n\000=\000r\000=\0002\000\051}{section.4.3}% 78
\BOOKMARK [2][-]{subsection.4.3.2}{\376\377\000S\000i\000s\000t\000e\000m\000a\000\040\000s\000o\000t\000t\000o\000d\000e\000t\000e\000r\000m\000i\000n\000a\000t\000o\000\040\000\050\000m\000=\000r\000=\0001\000,\000\040\000n\000=\0002\000\051}{section.4.3}% 79
\BOOKMARK [2][-]{subsection.4.3.3}{\376\377\000S\000i\000s\000t\000e\000m\000a\000\040\000s\000o\000v\000r\000a\000d\000e\000t\000e\000r\000m\000i\000n\000a\000t\000o\000\040\000\050\000m\000=\0003\000,\000\040\000n\000=\000r\000=\0002\000\051}{section.4.3}% 80
\BOOKMARK [2][-]{subsection.4.3.4}{\376\377\000S\000i\000s\000t\000e\000m\000a\000\040\000d\000e\000g\000e\000n\000e\000r\000e\000\040\000\050\000m\000=\000n\000=\0003\000,\000\040\000r\000=\0002\000\051}{section.4.3}% 81
\BOOKMARK [1][-]{section.4.4}{\376\377\000E\000s\000e\000r\000c\000i\000z\000i\000\040\000p\000r\000o\000p\000o\000s\000t\000i}{chapter.4}% 82
\BOOKMARK [-1][-]{part.1}{\376\377\000I\000\040\000M\000e\000c\000c\000a\000n\000i\000c\000a\000\040\000d\000e\000i\000\040\000c\000o\000r\000p\000i\000\040\000r\000i\000g\000i\000d\000i}{}% 83
\BOOKMARK [0][-]{chapter.5}{\376\377\000C\000i\000n\000e\000m\000a\000t\000i\000c\000a\000\040\000i\000n\000f\000i\000n\000i\000t\000e\000s\000i\000m\000a\000\040\000d\000e\000l\000\040\000c\000o\000r\000p\000o\000\040\000r\000i\000g\000i\000d\000o}{part.1}% 84
\BOOKMARK [1][-]{section.5.1}{\376\377\000I\000l\000\040\000c\000o\000r\000p\000o\000\040\000r\000i\000g\000i\000d\000o\000\040\000e\000\040\000i\000l\000\040\000c\000a\000m\000p\000o\000\040\000d\000i\000\040\000s\000p\000o\000s\000t\000a\000m\000e\000n\000t\000o}{chapter.5}% 85
\BOOKMARK [2][-]{subsection.5.1.1}{\376\377\000R\000a\000p\000p\000r\000e\000s\000e\000n\000t\000a\000z\000i\000o\000n\000e\000\040\000d\000e\000l\000\040\000c\000a\000m\000p\000o\000\040\000d\000i\000\040\000s\000p\000o\000s\000t\000a\000m\000e\000n\000t\000o}{section.5.1}% 86
\BOOKMARK [2][-]{subsection.5.1.2}{\376\377\000L\000a\000\040\000r\000o\000t\000a\000z\000i\000o\000n\000e\000\040\000i\000n\000f\000i\000n\000i\000t\000e\000s\000i\000m\000a}{section.5.1}% 87
\BOOKMARK [2][-]{subsection.5.1.3}{\376\377\000F\000o\000r\000m\000a\000\040\000m\000a\000t\000r\000i\000c\000i\000a\000l\000e}{section.5.1}% 88
\BOOKMARK [1][-]{section.5.2}{\376\377\000I\000n\000v\000a\000r\000i\000a\000n\000t\000i\000\040\000d\000e\000l\000\040\000c\000a\000m\000p\000o\000\040\000d\000i\000\040\000s\000p\000o\000s\000t\000a\000m\000e\000n\000t\000o}{chapter.5}% 89
\BOOKMARK [1][-]{section.5.3}{\376\377\000A\000s\000s\000e\000\040\000c\000e\000n\000t\000r\000a\000l\000e\000\040\000d\000e\000g\000l\000i\000\040\000s\000p\000o\000s\000t\000a\000m\000e\000n\000t\000i\000\040\000r\000i\000g\000i\000d\000i}{chapter.5}% 90
\BOOKMARK [1][-]{section.5.4}{\376\377\000C\000l\000a\000s\000s\000i\000f\000i\000c\000a\000z\000i\000o\000n\000e\000\040\000d\000e\000i\000\040\000m\000o\000t\000i\000\040\000r\000i\000g\000i\000d\000i}{chapter.5}% 91
\BOOKMARK [1][-]{section.5.5}{\376\377\000P\000a\000r\000t\000i\000c\000o\000l\000a\000r\000i\000z\000z\000a\000z\000i\000o\000n\000e\000\040\000a\000l\000\040\000c\000a\000s\000o\000\040\000p\000i\000a\000n\000o}{chapter.5}% 92
\BOOKMARK [2][-]{subsection.5.5.1}{\376\377\000C\000o\000s\000t\000r\000u\000z\000i\000o\000n\000e\000\040\000g\000r\000a\000f\000i\000c\000a\000\040\000d\000e\000l\000\040\000c\000e\000n\000t\000r\000o\000\040\000d\000i\000\040\000r\000o\000t\000a\000z\000i\000o\000n\000e}{section.5.5}% 93
\BOOKMARK [2][-]{subsection.5.5.2}{\376\377\000C\000o\000m\000p\000o\000s\000i\000z\000i\000o\000n\000e\000\040\000d\000i\000\040\000r\000o\000t\000a\000z\000i\000o\000n\000i\000\040\000i\000n\000f\000i\000n\000i\000t\000e\000s\000i\000m\000e\000\040\000n\000e\000l\000\040\000p\000i\000a\000n\000o}{section.5.5}% 94
\BOOKMARK [1][-]{section.5.6}{\376\377\000C\000e\000n\000t\000r\000o\000\040\000d\000i\000\040\000r\000o\000t\000a\000z\000i\000o\000n\000e\000\040\000r\000e\000l\000a\000t\000i\000v\000o\000\040\000e\000\040\000a\000l\000l\000i\000n\000e\000a\000m\000e\000n\000t\000o\000\040\000d\000e\000i\000\040\000c\000e\000n\000t\000r\000i}{chapter.5}% 95
\BOOKMARK [2][-]{subsection.5.6.1}{\376\377\000P\000r\000i\000m\000o\000\040\000t\000e\000o\000r\000e\000m\000a\000\040\000d\000i\000\040\000A\000r\000o\000n\000h\000o\000l\000d\000-\000K\000e\000n\000n\000e\000d\000y\000:\000\040\000a\000l\000l\000i\000n\000e\000a\000m\000e\000n\000t\000o\000\040\000d\000e\000i\000\040\000c\000e\000n\000t\000r\000i\000\040\000a\000s\000s\000o\000l\000u\000t\000i}{section.5.6}% 96
\BOOKMARK [2][-]{subsection.5.6.2}{\376\377\000S\000e\000c\000o\000n\000d\000o\000\040\000t\000e\000o\000r\000e\000m\000a\000\040\000d\000i\000\040\000A\000r\000o\000n\000h\000o\000l\000d\000-\000K\000e\000n\000n\000e\000d\000y\000:\000\040\000a\000l\000l\000i\000n\000e\000a\000m\000e\000n\000t\000o\000\040\000d\000e\000i\000\040\000c\000e\000n\000t\000r\000i\000\040\000r\000e\000l\000a\000t\000i\000v\000i}{section.5.6}% 97
\BOOKMARK [0][-]{chapter.6}{\376\377\000S\000t\000a\000t\000i\000c\000a\000\040\000d\000e\000l\000\040\000c\000o\000r\000p\000o\000\040\000r\000i\000g\000i\000d\000o}{part.1}% 98
\BOOKMARK [1][-]{section.6.1}{\376\377\000L\000a\000\040\000n\000o\000z\000i\000o\000n\000e\000\040\000d\000i\000\040\000f\000o\000r\000z\000a\000\040\000e\000\040\000d\000i\000\040\000l\000a\000v\000o\000r\000o}{chapter.6}% 99
\BOOKMARK [2][-]{subsection.6.1.1}{\376\377\000D\000u\000e\000\040\000m\000o\000d\000i\000\040\000d\000i\000\040\000r\000a\000p\000p\000r\000e\000s\000e\000n\000t\000a\000r\000e\000\040\000l\000'\000a\000z\000i\000o\000n\000e\000\040\000m\000e\000c\000c\000a\000n\000i\000c\000a}{section.6.1}% 100
\BOOKMARK [2][-]{subsection.6.1.2}{\376\377\000S\000i\000s\000t\000e\000m\000i\000\040\000d\000i\000\040\000f\000o\000r\000z\000e\000\040\000e\000\040\000c\000o\000p\000p\000i\000e}{section.6.1}% 101
\BOOKMARK [2][-]{subsection.6.1.3}{\376\377\000I\000l\000\040\000l\000a\000v\000o\000r\000o\000\040\000d\000i\000\040\000u\000n\000\040\000s\000i\000s\000t\000e\000m\000a\000\040\000d\000i\000\040\000f\000o\000r\000z\000e\000\040\000e\000\040\000c\000o\000p\000p\000i\000e}{section.6.1}% 102
\BOOKMARK [1][-]{section.6.2}{\376\377\000L\000'\000e\000q\000u\000i\000l\000i\000b\000r\000i\000o}{chapter.6}% 103
\BOOKMARK [1][-]{section.6.3}{\376\377\000I\000n\000v\000a\000r\000i\000a\000n\000z\000a\000\040\000r\000i\000s\000p\000e\000t\000t\000o\000\040\000a\000l\000\040\000c\000a\000m\000b\000i\000a\000m\000e\000n\000t\000o\000\040\000d\000i\000\040\000o\000s\000s\000e\000r\000v\000a\000t\000o\000r\000e}{chapter.6}% 104
\BOOKMARK [1][-]{section.6.4}{\376\377\000S\000t\000r\000u\000t\000t\000u\000r\000a\000\040\000d\000e\000i\000\040\000s\000i\000s\000t\000e\000m\000i\000\040\000d\000i\000\040\000f\000o\000r\000z\000e}{chapter.6}% 105
\BOOKMARK [2][-]{subsection.6.4.1}{\376\377\000I\000n\000v\000a\000r\000i\000a\000n\000t\000i\000\040\000d\000e\000l\000\040\000c\000a\000m\000p\000o\000\040\000d\000e\000i\000\040\000m\000o\000m\000e\000n\000t\000i}{section.6.4}% 106
\BOOKMARK [2][-]{subsection.6.4.2}{\376\377\000A\000s\000s\000e\000\040\000c\000e\000n\000t\000r\000a\000l\000e\000\040\000d\000e\000l\000\040\000s\000i\000s\000t\000e\000m\000a\000\040\000d\000i\000\040\000f\000o\000r\000z\000e}{section.6.4}% 107
\BOOKMARK [2][-]{subsection.6.4.3}{\376\377\000E\000q\000u\000i\000v\000a\000l\000e\000n\000z\000a\000\040\000d\000i\000\040\000s\000i\000s\000t\000e\000m\000i\000\040\000d\000i\000\040\000f\000o\000r\000z\000e}{section.6.4}% 108
\BOOKMARK [2][-]{subsection.6.4.4}{\376\377\000S\000i\000s\000t\000e\000m\000i\000\040\000d\000i\000\040\000f\000o\000r\000z\000e\000\040\000e\000q\000u\000i\000o\000r\000i\000e\000n\000t\000a\000t\000e\000\040\000n\000e\000l\000\040\000p\000i\000a\000n\000o}{section.6.4}% 109
\BOOKMARK [0][-]{section*.41}{\376\377\000I\000n\000d\000i\000c\000e\000\040\000a\000n\000a\000l\000i\000t\000i\000c\000o}{part.1}% 110
